// Jest Snapshot v1, https://goo.gl/fbAQLP

exports[`Test for Container Component Should render the component 1`] = `
.c0 {
  display: -webkit-box;
  display: -webkit-flex;
  display: -ms-flexbox;
  display: flex;
  height: 100%;
  -webkit-box-pack: center;
  -webkit-justify-content: center;
  -ms-flex-pack: center;
  justify-content: center;
  margin-top: 60px;
  width: 100%;
}

<div
  className="c0"
/>
`;
