// Jest Snapshot v1, https://goo.gl/fbAQLP

exports[`Test for Header Component Should render the component 1`] = `
<styled.header>
  <styled.div>
    <styled.div>
      <styled.h2>
        Super title
      </styled.h2>
    </styled.div>
    <styled.nav>
      <Styled(NavLink)
        activeClassName="is-active"
        exact={true}
        to="/"
      >
        Home
      </Styled(NavLink)>
    </styled.nav>
  </styled.div>
  <styled.div>
    <withRouter(Connect(SearchBar)) />
  </styled.div>
</styled.header>
`;
